........................................................................ [ 10%]
..........................sss........................................... [ 20%]
........................................................................ [ 30%]
........................................................................ [ 41%]
........................................................................ [ 51%]
........................................................................ [ 61%]
........................................................................ [ 71%]
........................................................................ [ 82%]
........................................................................ [ 92%]
......................................................                   [100%]
699 passed, 3 skipped, 1 deselected in 86.82s (0:01:26)
